// Jest Snapshot v1, https://goo.gl/fbAQLP

exports[`ListOfPropertyCard component test Render ListOfPropertyCard 1`] = `
Array [
  <div
    style={
      Object {
        "marginBottom": "20px",
      }
    }
  >
    <div
      style={
        Object {
          "border": "1px solid grey",
          "padding": "30px",
        }
      }
    >
      <div
        style={
          Object {
            "background": "lightblue",
            "marginBottom": "30px",
            "padding": "16px",
          }
        }
      >
        <h2
          style={
            Object {
              "margin": "0px",
            }
          }
        >
          backface-visibility property
        </h2>
      </div>
      <div
        style={
          Object {
            "backgroundColor": "#c2ddf0",
            "padding": "16px",
          }
        }
      >
        <h3>
          How to use it
        </h3>
        <code>
          <pre
            style={
              Object {
                "backgroundColor": "#e4ecf2",
              }
            }
          >
            
selector {
  -webkit-backface-visibility: hidden; /* Safari */
  backface-visibility: hidden;
}

          </pre>
        </code>
      </div>
    </div>
  </div>,
  <div
    style={
      Object {
        "marginBottom": "20px",
      }
    }
  >
    <div
      style={
        Object {
          "border": "1px solid grey",
          "padding": "30px",
        }
      }
    >
      <div
        style={
          Object {
            "background": "lightblue",
            "marginBottom": "30px",
            "padding": "16px",
          }
        }
      >
        <h2
          style={
            Object {
              "margin": "0px",
            }
          }
        >
          hyphens property
        </h2>
      </div>
      <div
        style={
          Object {
            "backgroundColor": "#c2ddf0",
            "padding": "16px",
          }
        }
      >
        <h3>
          How to use it
        </h3>
        <code>
          <pre
            style={
              Object {
                "backgroundColor": "#e4ecf2",
              }
            }
          >
            
selector {
  -webkit-hyphens: auto; 
  -ms-hyphens: auto;
  hyphens: auto;
}

          </pre>
        </code>
      </div>
    </div>
  </div>,
  <div
    style={
      Object {
        "marginBottom": "20px",
      }
    }
  >
    <div
      style={
        Object {
          "border": "1px solid grey",
          "padding": "30px",
        }
      }
    >
      <div
        style={
          Object {
            "background": "lightblue",
            "marginBottom": "30px",
            "padding": "16px",
          }
        }
      >
        <h2
          style={
            Object {
              "margin": "0px",
            }
          }
        >
          user-select property
        </h2>
      </div>
      <div
        style={
          Object {
            "backgroundColor": "#c2ddf0",
            "padding": "16px",
          }
        }
      >
        <h3>
          How to use it
        </h3>
        <code>
          <pre
            style={
              Object {
                "backgroundColor": "#e4ecf2",
              }
            }
          >
            
selector {
  -webkit-user-select: none; 
  -ms-user-select: none;
  user-select: none;
}

          </pre>
        </code>
      </div>
    </div>
  </div>,
]
`;
